// Jest Snapshot v1, https://goo.gl/fbAQLP

exports[`CacheProvider Endpoint should gracefully abort in useSuspense() 1`] = `[AbortError: Aborted]`;

exports[`CacheProvider Endpoint should resolve useSuspense() with SimpleRecords 1`] = `
Array [
  PaginatedArticleResource {
    "author": UserResource {
      "email": "bob@bob.com",
      "id": 23,
      "isAdmin": false,
      "username": "charles",
    },
    "content": "whatever",
    "id": 5,
    "tags": Array [
      "a",
      "best",
      "react",
    ],
    "title": "hi ho",
  },
  PaginatedArticleResource {
    "author": UserResource {
      "email": "bob@bob.com",
      "id": 23,
      "isAdmin": false,
      "username": "charles",
    },
    "content": "whatever",
    "id": 3,
    "tags": Array [],
    "title": "the next time",
  },
]
`;

exports[`CacheProvider should passthrough union with unexpected schema attribute 1`] = `
Array [
  Array [
    "Schema attribute \\"another\\" is not expected.
Expected one of: \\"first\\", \\"second\\"

Value: {
  \\"id\\": \\"5\\",
  \\"body\\": \\"hi\\",
  \\"type\\": \\"another\\"
}",
  ],
  Array [
    "Schema attribute undefined is not expected.
Expected one of: \\"first\\", \\"second\\"

Value: {
  \\"id\\": \\"5\\",
  \\"body\\": \\"hi\\"
}",
  ],
  Array [
    "TypeError: Unable to infer schema for UnionSchema
Value: {
  \\"id\\": \\"5\\",
  \\"body\\": \\"hi\\",
  \\"type\\": \\"another\\"
}.",
  ],
  Array [
    "TypeError: Unable to infer schema for UnionSchema
Value: {
  \\"id\\": \\"5\\",
  \\"body\\": \\"hi\\"
}.",
  ],
]
`;

exports[`CacheProvider should resolve useSuspense() with SimpleRecords 1`] = `
Array [
  PaginatedArticleResource {
    "author": UserResource {
      "email": "bob@bob.com",
      "id": 23,
      "isAdmin": false,
      "username": "charles",
    },
    "content": "whatever",
    "id": 5,
    "tags": Array [
      "a",
      "best",
      "react",
    ],
    "title": "hi ho",
  },
  PaginatedArticleResource {
    "author": UserResource {
      "email": "bob@bob.com",
      "id": 23,
      "isAdmin": false,
      "username": "charles",
    },
    "content": "whatever",
    "id": 3,
    "tags": Array [],
    "title": "the next time",
  },
]
`;

exports[`CacheProvider useSuspense() should throw errors on malformed response 1`] = `
[Error: Error processing GET http://test.com/article-cooler/878

Full Schema: {
  "name": "CoolerArticleResource",
  "schema": {
    "author": {
      "name": "UserResource",
      "schema": {},
      "key": "http://test.com/user/"
    }
  },
  "key": "http://test.com/article-cooler/"
}

Error:
Attempted to initialize CoolerArticleResource with an array, but named members were expected

This is likely due to a malformed response.
Try inspecting the network response or fetch() return value.
Or use debugging tools: https://resthooks.io/docs/guides/debugging
Learn more about schemas: https://resthooks.io/docs/api/schema
If this is a mistake, you can disable this check by setting static automaticValidation = 'silent'

First three members: [
  1
]]
`;

exports[`ExternalCacheProvider Endpoint should gracefully abort in useSuspense() 1`] = `[AbortError: Aborted]`;

exports[`ExternalCacheProvider Endpoint should resolve useSuspense() with SimpleRecords 1`] = `
Array [
  PaginatedArticleResource {
    "author": UserResource {
      "email": "bob@bob.com",
      "id": 23,
      "isAdmin": false,
      "username": "charles",
    },
    "content": "whatever",
    "id": 5,
    "tags": Array [
      "a",
      "best",
      "react",
    ],
    "title": "hi ho",
  },
  PaginatedArticleResource {
    "author": UserResource {
      "email": "bob@bob.com",
      "id": 23,
      "isAdmin": false,
      "username": "charles",
    },
    "content": "whatever",
    "id": 3,
    "tags": Array [],
    "title": "the next time",
  },
]
`;

exports[`ExternalCacheProvider should passthrough union with unexpected schema attribute 1`] = `
Array [
  Array [
    "Schema attribute \\"another\\" is not expected.
Expected one of: \\"first\\", \\"second\\"

Value: {
  \\"id\\": \\"5\\",
  \\"body\\": \\"hi\\",
  \\"type\\": \\"another\\"
}",
  ],
  Array [
    "Schema attribute undefined is not expected.
Expected one of: \\"first\\", \\"second\\"

Value: {
  \\"id\\": \\"5\\",
  \\"body\\": \\"hi\\"
}",
  ],
  Array [
    "TypeError: Unable to infer schema for UnionSchema
Value: {
  \\"id\\": \\"5\\",
  \\"body\\": \\"hi\\",
  \\"type\\": \\"another\\"
}.",
  ],
  Array [
    "TypeError: Unable to infer schema for UnionSchema
Value: {
  \\"id\\": \\"5\\",
  \\"body\\": \\"hi\\"
}.",
  ],
]
`;

exports[`ExternalCacheProvider should resolve useSuspense() with SimpleRecords 1`] = `
Array [
  PaginatedArticleResource {
    "author": UserResource {
      "email": "bob@bob.com",
      "id": 23,
      "isAdmin": false,
      "username": "charles",
    },
    "content": "whatever",
    "id": 5,
    "tags": Array [
      "a",
      "best",
      "react",
    ],
    "title": "hi ho",
  },
  PaginatedArticleResource {
    "author": UserResource {
      "email": "bob@bob.com",
      "id": 23,
      "isAdmin": false,
      "username": "charles",
    },
    "content": "whatever",
    "id": 3,
    "tags": Array [],
    "title": "the next time",
  },
]
`;

exports[`ExternalCacheProvider useSuspense() should throw errors on malformed response 1`] = `
[Error: Error processing GET http://test.com/article-cooler/878

Full Schema: {
  "name": "CoolerArticleResource",
  "schema": {
    "author": {
      "name": "UserResource",
      "schema": {},
      "key": "http://test.com/user/"
    }
  },
  "key": "http://test.com/article-cooler/"
}

Error:
Attempted to initialize CoolerArticleResource with an array, but named members were expected

This is likely due to a malformed response.
Try inspecting the network response or fetch() return value.
Or use debugging tools: https://resthooks.io/docs/guides/debugging
Learn more about schemas: https://resthooks.io/docs/api/schema
If this is a mistake, you can disable this check by setting static automaticValidation = 'silent'

First three members: [
  1
]]
`;
